s,h:m:s,max_rss,max_vms,max_uss,max_pss,io_in,io_out,mean_load,cpu_time,method,seed
9.3403,00:00:09,0,0,0,0,0,0,191.9,0,glmnet,100
9.5682,00:00:09,0,0,0,0,0,0,209.26,0,glmnet,101
